################################################################################
#                                                                              #
#      IAR Universal Linker V6.6.1.103                                         #
#                                                                              #
#           Link time     =  15/Jun/2021  10:34:59                             #
#           Target CPU    =  A90                                               #
#           List file     =  "C:\Users\troub\CloudStation\Github\GitHub_DST\1. #
#                             Remove Smoke System\4. MIDO\DST-MIDO-ALMDDS-JST_ #
#                            v1.4_3224\Debug\List\MIDO-ALMDDS-JST_v1_4.map"    #
#           Output file 1 =  "C:\Users\troub\CloudStation\Github\GitHub_DST\1. #
#                             Remove Smoke System\4. MIDO\DST-MIDO-ALMDDS-JST_ #
#                            v1.4_3224\Debug\Exe\MIDO-ALMDDS-JST_v1_4.hex"     #
#                            Format: intel-extended                            #
#           Command line  =  -f C:\Users\troub\AppData\Local\Temp\EWECA4.tmp   #
#                            ("C:\Users\troub\CloudStation\Github\GitHub_DST\1 #
#                            . Remove Smoke System\4. MIDO\DST-MIDO-ALMDDS-JST #
#                            _v1.4_3224\Debug\Obj\adc.r90"                     #
#                            "C:\Users\troub\CloudStation\Github\GitHub_DST\1. #
#                             Remove Smoke System\4. MIDO\DST-MIDO-ALMDDS-JST_ #
#                            v1.4_3224\Debug\Obj\alarm.r90"                    #
#                            "C:\Users\troub\CloudStation\Github\GitHub_DST\1. #
#                             Remove Smoke System\4. MIDO\DST-MIDO-ALMDDS-JST_ #
#                            v1.4_3224\Debug\Obj\avr_gpio_driver.r90"          #
#                            "C:\Users\troub\CloudStation\Github\GitHub_DST\1. #
#                             Remove Smoke System\4. MIDO\DST-MIDO-ALMDDS-JST_ #
#                            v1.4_3224\Debug\Obj\avr_twi_master_driver.r90"    #
#                            "C:\Users\troub\CloudStation\Github\GitHub_DST\1. #
#                             Remove Smoke System\4. MIDO\DST-MIDO-ALMDDS-JST_ #
#                            v1.4_3224\Debug\Obj\fnd_display.r90"              #
#                            "C:\Users\troub\CloudStation\Github\GitHub_DST\1. #
#                             Remove Smoke System\4. MIDO\DST-MIDO-ALMDDS-JST_ #
#                            v1.4_3224\Debug\Obj\main.r90"                     #
#                            "C:\Users\troub\CloudStation\Github\GitHub_DST\1. #
#                             Remove Smoke System\4. MIDO\DST-MIDO-ALMDDS-JST_ #
#                            v1.4_3224\Debug\Obj\module_initialize.r90"        #
#                            "C:\Users\troub\CloudStation\Github\GitHub_DST\1. #
#                             Remove Smoke System\4. MIDO\DST-MIDO-ALMDDS-JST_ #
#                            v1.4_3224\Debug\Obj\motor.r90"                    #
#                            "C:\Users\troub\CloudStation\Github\GitHub_DST\1. #
#                             Remove Smoke System\4. MIDO\DST-MIDO-ALMDDS-JST_ #
#                            v1.4_3224\Debug\Obj\ps-33d.r90"                   #
#                            "C:\Users\troub\CloudStation\Github\GitHub_DST\1. #
#                             Remove Smoke System\4. MIDO\DST-MIDO-ALMDDS-JST_ #
#                            v1.4_3224\Debug\Obj\switch.r90"                   #
#                            "C:\Users\troub\CloudStation\Github\GitHub_DST\1. #
#                             Remove Smoke System\4. MIDO\DST-MIDO-ALMDDS-JST_ #
#                            v1.4_3224\Debug\Obj\system_mode.r90"              #
#                            "C:\Users\troub\CloudStation\Github\GitHub_DST\1. #
#                             Remove Smoke System\4. MIDO\DST-MIDO-ALMDDS-JST_ #
#                            v1.4_3224\Debug\Obj\type_conversion_util.r90"     #
#                            "C:\Users\troub\CloudStation\Github\GitHub_DST\1. #
#                             Remove Smoke System\4. MIDO\DST-MIDO-ALMDDS-JST_ #
#                            v1.4_3224\Debug\Obj\usart.r90"                    #
#                            -o                                                #
#                            "C:\Users\troub\CloudStation\Github\GitHub_DST\1. #
#                             Remove Smoke System\4. MIDO\DST-MIDO-ALMDDS-JST_ #
#                            v1.4_3224\Debug\Exe\MIDO-ALMDDS-JST_v1_4.hex"     #
#                            -Fintel-extended -l                               #
#                            "C:\Users\troub\CloudStation\Github\GitHub_DST\1. #
#                             Remove Smoke System\4. MIDO\DST-MIDO-ALMDDS-JST_ #
#                            v1.4_3224\Debug\List\MIDO-ALMDDS-JST_v1_4.map"    #
#                            -xmsni                                            #
#                            "-IC:\Program Files (x86)\IAR Systems\Embedded Wo #
#                            rkbench 8.0\avr\LIB\"                             #
#                            -f                                                #
#                            "C:\Program Files (x86)\IAR Systems\Embedded Work #
#                            bench 8.0\avr\src\template\cfgm168pa.xcl"         #
#                            (-D_..X_INTVEC_SIZE=68 -D_..X_FLASH_END=3FFF      #
#                            -D_..X_FLASH_NEND=_..X_FLASH_END                  #
#                            -D_..X_SRAM_BASE=100 -D_..X_SRAM_TBASE=0          #
#                            -D_..X_SRAM_TSIZE=0 -D_..X_SRAM_END=4FF           #
#                            -D_..X_EXT_SRAM_BASE=_..X_SRAM_END                #
#                            -D_..X_EXT_SRAM_SIZE=0                            #
#                            -D_..X_EXT_ROM_BASE=_..X_SRAM_END                 #
#                            -D_..X_EXT_ROM_SIZE=0                             #
#                            -D_..X_EXT_NV_BASE=_..X_SRAM_END                  #
#                            -D_..X_EXT_NV_SIZE=0 -D_..X_EEPROM_START=0        #
#                            -D_..X_EEPROM_END=1FF) -D_..X_HEAP_SIZE=0         #
#                            -D_..X_TINY_HEAP_SIZE=0                           #
#                            -D_..X_NEAR_HEAP_SIZE=20 -D_..X_FAR_HEAP_SIZE=0   #
#                            -D_..X_HUGE_HEAP_SIZE=0 -D_..X_CSTACK_SIZE=80     #
#                            -D_..X_RSTACK_SIZE=80                             #
#                            -D_..X_FLASH_CODE_END=_..X_FLASH_END -f           #
#                            "C:\Program Files (x86)\IAR Systems\Embedded Work #
#                            bench 8.0\avr\src\template\cfg3soim.xcl"          #
#                            (-ca90 -w29                                       #
#                            -Z(CODE)INTVEC=0-(_..X_INTVEC_SIZE-1)             #
#                            -Z(CODE)TINY_F=_..X_FLASH_BASE-FF                 #
#                            -Z(CODE)NEAR_F=_..X_FLASH_BASE-_..X_FLASH_NEND    #
#                            -Z(CODE)SWITCH=_..X_FLASH_BASE-_..X_FLASH_NEND    #
#                            -Z(CODE)DIFUNCT=_..X_FLASH_BASE-_..X_FLASH_NEND   #
#                            -Z(CODE)CODE=_..X_FLASH_BASE-_..X_FLASH_END       #
#                            -P(CODE)FAR_F=[_..X_FLASH_BASE-_..X_FLASH_END]/10 #
#                            000                                               #
#                            -Z(CODE)INITTAB=_..X_FLASH_BASE-_..X_FLASH_END    #
#                            -Z(CODE)HUGE_F=_..X_FLASH_BASE-_..X_FLASH_END     #
#                            -Z(CODE)TINY_ID=_..X_FLASH_BASE-_..X_FLASH_END    #
#                            -Z(CODE)NEAR_ID=_..X_FLASH_BASE-_..X_FLASH_END    #
#                            -Z(CODE)CHECKSUM#_..X_FLASH_END                   #
#                            -Z(DATA)TINY_I,TINY_Z,TINY_N=_..X_SRAM_TBASE:+_.. #
#                            X_SRAM_TSIZE                                      #
#                            -Z(DATA)CSTACK+_..X_CSTACK_SIZE=_..X_CSTACK_BASE- #
#                            _..X_CSTACK_END                                   #
#                            -Z(DATA)HEAP+_..X_HEAP_SIZE=_..X_SRAM_BASE-_..X_S #
#                            RAM_END                                           #
#                            -Z(DATA)IOSTREAM_N#_..X_SRAM_BASE-_..X_SRAM_END   #
#                            -Z(DATA)NEAR_HEAP+_..X_NEAR_HEAP_SIZE=_..X_SRAM_B #
#                            ASE-_..X_SRAM_END                                 #
#                            -Z(DATA)RSTACK+_..X_RSTACK_SIZE=_..X_RSTACK_BASE- #
#                            _..X_RSTACK_END                                   #
#                            -Z(DATA)NEAR_I,NEAR_Z,NEAR_N=_..X_SRAM_BASE-_..X_ #
#                            SRAM_END                                          #
#                            -Z(XDATA)EEPROM_I,EEPROM_N=_..X_EEPROM_START-_..X #
#                            _EEPROM_END)                                      #
#                            -D_..X_FLASH_BASE=_..X_INTVEC_SIZE                #
#                            -h'1895'(CODE)0-(_..X_INTVEC_SIZE-1)              #
#                            --global_fill -D_..X_CSTACK_BASE=_..X_SRAM_BASE   #
#                            -D_..X_CSTACK_END=_..X_SRAM_END                   #
#                            -D_..X_RSTACK_BASE=_..X_SRAM_BASE                 #
#                            -D_..X_RSTACK_END=_..X_SRAM_END -s                #
#                            __program_start                                   #
#                            "C:\Program Files (x86)\IAR Systems\Embedded Work #
#                            bench 8.0\avr\LIB\DLIB\dlAVR-3s-ec_mul-sf-n.r90"  #
#                            -e_PrintfLarge=_Printf -e_ScanfLarge=_Scanf)      #
#                                                                              #
#                           Copyright (C) 1987-2019 IAR Systems AB.            #
################################################################################





                ****************************************
                *                                      *
                *           CROSS REFERENCE            *
                *                                      *
                ****************************************

       Program entry at : CODE      0000189E  Relocatable, from module : ?C_STARTUP




                ****************************************
                *                                      *
                *            RUNTIME MODEL             *
                *                                      *
                ****************************************

  EEPROM_SIZE                = 2
  R10                        = REG
  R11                        = REG
  R4                         = REG
  R5                         = REG
  R6                         = REG
  R7                         = REG
  R8                         = REG
  R9                         = REG
  __64bit_doubles            = disabled
  __Heap_Handler             = Basic
  __SystemLibrary            = DLib
  __cpu                      = 3
  __cpu_name                 = ATmega168PA
  __dlib_file_descriptor     = 0
  __dlib_full_locale_support = 0
  __enhanced_core            = enabled
  __has_elpm                 = false
  __memory_model             = 2
  __rt_version               = 3
  __tiny_avr                 = false
  __vtable_memory            = __nearflash

                ****************************************
                *                                      *
                *    AUTOMATIC SYMBOL REDIRECTIONS     *
                *                                      *
                ****************************************

                  There are no automatic symbol redirections.



                ****************************************
                *                                      *
                *              MODULE MAP              *
                *                                      *
                ****************************************


  DEFINED ABSOLUTE ENTRIES
  PROGRAM MODULE, NAME : ?ABS_ENTRY_MOD

Absolute parts
           ENTRY                   ADDRESS         REF BY
           =====                   =======         ======
           _..X_RSTACK_END         000004FF 
           _..X_RSTACK_BASE        00000100 
           _..X_CSTACK_END         000004FF 
           _..X_CSTACK_BASE        00000100 
           _..X_FLASH_BASE         00000068 
           _..X_FLASH_CODE_END     00003FFF 
           _..X_RSTACK_SIZE        00000080 
           _..X_CSTACK_SIZE        00000080 
           _..X_HUGE_HEAP_SIZE     00000000 
           _..X_FAR_HEAP_SIZE      00000000 
           _..X_NEAR_HEAP_SIZE     00000020 
           _..X_TINY_HEAP_SIZE     00000000 
           _..X_HEAP_SIZE          00000000 
           _..X_EEPROM_END         000001FF 
           _..X_EEPROM_START       00000000 
           _..X_EXT_NV_SIZE        00000000 
           _..X_EXT_NV_BASE        000004FF 
           _..X_EXT_ROM_SIZE       00000000 
           _..X_EXT_ROM_BASE       000004FF 
           _..X_EXT_SRAM_SIZE      00000000 
           _..X_EXT_SRAM_BASE      000004FF 
           _..X_SRAM_END           000004FF 
           _..X_SRAM_TSIZE         00000000 
           _..X_SRAM_TBASE         00000000 
           _..X_SRAM_BASE          00000100 
           _..X_FLASH_NEND         00003FFF 
           _..X_FLASH_END          00003FFF 
           _..X_INTVEC_SIZE        00000068 
    *************************************************************************

  FILE NAME : C:\Users\troub\CloudStation\Github\GitHub_DST\1. Remove Smoke System\4. MIDO\DST-MIDO-ALMDDS-JST_v1.4_3224\Debug\Obj\adc.r90
  PROGRAM MODULE, NAME : adc

  SEGMENTS IN THE MODULE
  ======================
ABSOLUTE
  Relative segment, address: DATA 0000007C - 0000007C (0x1 bytes), align: 0
  Segment part 1. ROOT        Intra module refs:   ADC_CONVERSION_VECT
                                                   ADC_Initialize
           ENTRY                   ADDRESS         REF BY
           =====                   =======         ======
           _A_ADMUX                0000007C 
           LOCAL                   ADDRESS         
           =====                   =======         
           ADMUX                   0000007C 
    -------------------------------------------------------------------------
ABSOLUTE
  Relative segment, address: DATA 0000007A - 0000007A (0x1 bytes), align: 0
  Segment part 2. ROOT        Intra module refs:   ADC_CONVERSION_VECT
                                                   ADC_Delay_Timer
                                                   ADC_Initialize
           ENTRY                   ADDRESS         REF BY
           =====                   =======         ======
           _A_ADCSRA               0000007A 
           LOCAL                   ADDRESS         
           =====                   =======         
           ADCSRA                  0000007A 
    -------------------------------------------------------------------------
ABSOLUTE
  Relative segment, address: DATA 00000078 - 00000079 (0x2 bytes), align: 0
  Segment part 3. ROOT        Intra module refs:   ADC_CONVERSION_VECT
           ENTRY                   ADDRESS         REF BY
           =====                   =======         ======
           _A_ADC                  00000078 
           LOCAL                   ADDRESS         
           =====                   =======         
           ADC                     00000078 
           ADCH                    00000079 
           ADCL                    00000078 
    -------------------------------------------------------------------------
EEPROM_N
  Relative segment, address: XDATA 00000000 - 00000001 (0x2 bytes), align: 0
  Segment part 11.            Intra module refs:   ADC_Auto_Zero_Process
           ENTRY                   ADDRESS         REF BY
           =====                   =======         ======
           EEP_AutoZero_ADC_Point
                                   00000000        RD_EEP_Value (system_mode)
                                                   System_Auto_Zero_Function (system_mode)
                                                   System_Interval_Auto_Zero_Function (system_mode)
    -------------------------------------------------------------------------
NEAR_Z
  Relative segment, address: DATA 00000230 - 00000231 (0x2 bytes), align: 0
  Segment part 12.            Intra module refs:   ADC_Auto_Zero_Process
           ENTRY                   ADDRESS         REF BY
           =====                   =======         ======
           ADC_AutoZero_Point      00000230        RD_EEP_Value (system_mode)
                                                   System_Auto_Zero_Function (system_mode)
                                                   System_Interval_Auto_Zero_Function (system_mode)
                                                   Twi_Adc_Get_Pressure_Sensor_Value (ps-33d)
    -------------------------------------------------------------------------
NEAR_Z
  Relative segment, address: DATA 00000232 - 00000233 (0x2 bytes), align: 0
  Segment part 14.            Intra module refs:   ADC_CONVERSION_VECT
           ENTRY                   ADDRESS         REF BY
           =====                   =======         ======
           ADC_raw_value           00000232 
    -------------------------------------------------------------------------
NEAR_Z
  Relative segment, address: DATA 00000234 - 00000235 (0x2 bytes), align: 0
  Segment part 15.            Intra module refs:   ADC_CONVERSION_VECT
                                                   ADC_Get_Standard_Pressure_Value
           ENTRY                   ADDRESS         REF BY
           =====                   =======         ======
           ADC_Standard_Set_Value
                                   00000234 
    -------------------------------------------------------------------------
NEAR_Z
  Relative segment, address: DATA 00000236 - 00000237 (0x2 bytes), align: 0
  Segment part 16.            Intra module refs:   ADC_CONVERSION_VECT
           ENTRY                   ADDRESS         REF BY
           =====                   =======         ======
           ADC_Motor_Switch_Value
                                   00000236        Motor_Get_LimitSwitch_Value (motor)
    -------------------------------------------------------------------------
NEAR_Z
  Relative segment, address: DATA 00000238 - 00000239 (0x2 bytes), align: 0
  Segment part 17.            Intra module refs:   ADC_CONVERSION_VECT
           ENTRY                   ADDRESS         REF BY
           =====                   =======         ======
           ADC_Overcurrent_Value   00000238        Motor_Get_OverCurrent_Value (motor)
    -------------------------------------------------------------------------
NEAR_Z
  Relative segment, address: DATA 0000023A - 0000023A (0x1 bytes), align: 0
  Segment part 18.            Intra module refs:   ADC_CONVERSION_VECT
           ENTRY                   ADDRESS         REF BY
           =====                   =======         ======
           AD_CompleteFlag         0000023A 
    -------------------------------------------------------------------------
NEAR_Z
  Relative segment, address: DATA 0000023B - 0000023B (0x1 bytes), align: 0
  Segment part 19.            Intra module refs:   ADC_CONVERSION_VECT
                                                   ADC_Delay_Timer
           ENTRY                   ADDRESS         REF BY
           =====                   =======         ======
           ADC_Delay_Timer_Reg     0000023B 
    -------------------------------------------------------------------------
NEAR_Z
  Relative segment, address: DATA 0000023C - 0000023D (0x2 bytes), align: 0
  Segment part 20.            Intra module refs:   ADC_Delay_Timer
           ENTRY                   ADDRESS         REF BY
           =====                   =======         ======
           ADC_Delay_Timer_Cnt     0000023C 
    -------------------------------------------------------------------------
NEAR_Z
  Relative segment, address: DATA 0000023E - 0000023F (0x2 bytes), align: 0
  Segment part 21.            Intra module refs:   ADC_Get_Standard_Pressure_Value
           ENTRY                   ADDRESS         REF BY
           =====                   =======         ======
           Standard_Pressure_Value
                                   0000023E        Fnd_Display (fnd_display)
                                                   Motor_Get_Pressure_Status (motor)
                                                   Motor_Timer (motor)
                                                   Usart_Operation (usart)
    -------------------------------------------------------------------------
NEAR_Z
  Relative segment, address: DATA 00000240 - 00000241 (0x2 bytes), align: 0
  Segment part 22.            Intra module refs:   ADC_Get_Standard_Pressure_Value
           ENTRY                   ADDRESS         REF BY
           =====                   =======         ======
           Stadnard_Pressure_OldValue
                                   00000240 
    -------------------------------------------------------------------------
NEAR_Z
  Relative segment, address: DATA 00000242 - 00000243 (0x2 bytes), align: 0
  Segment part 23.
           ENTRY                   ADDRESS         REF BY
           =====                   =======         ======
           Real_Pressure_Value     00000242        Fnd_Display (fnd_display)
                                                   Motor_Get_Pressure_Status (motor)
                                                   Motor_Timer (motor)
                                                   Twi_Adc_Get_Pressure_Sensor_Value (ps-33d)
                                                   Usart_Operation (usart)
    -------------------------------------------------------------------------
CODE
  Relative segment, address: CODE 0000007C - 0000017F (0x104 bytes), align: 1
  Segment part 24.            Intra module refs:   ADC_CONVERSION_VECT::??INTVEC 84
           ENTRY                   ADDRESS         REF BY
           =====                   =======         ======
           ADC_CONVERSION_VECT     0000007C 
               interrupt function
               calls direct
    -------------------------------------------------------------------------
CODE
  Relative segment, address: CODE 00000180 - 000001D5 (0x56 bytes), align: 1
  Segment part 25.
           ENTRY                   ADDRESS         REF BY
           =====                   =======         ======
           ADC_Get_Standard_Pressure_Value
                                   00000180        main (main)
               calls direct
    -------------------------------------------------------------------------
CODE
  Relative segment, address: CODE 000001D6 - 00000217 (0x42 bytes), align: 1
  Segment part 26.
           ENTRY                   ADDRESS         REF BY
           =====                   =======         ======
           ADC_Delay_Timer         000001D6        timer2_isr1 (module_initialize)
    -------------------------------------------------------------------------
CODE
  Relative segment, address: CODE 00000218 - 0000024F (0x38 bytes), align: 1
  Segment part 27.
           ENTRY                   ADDRESS         REF BY
           =====                   =======         ======
           ADC_Auto_Zero_Process   00000218        Motor_AutoZero_Process (motor)
               calls direct
    -------------------------------------------------------------------------
CODE
  Relative segment, address: CODE 00000250 - 0000025D (0xe bytes), align: 1
  Segment part 28.
           ENTRY                   ADDRESS         REF BY
           =====                   =======         ======
           ADC_Initialize          00000250        main (main)
    -------------------------------------------------------------------------
ABSOLUTE
  Relative segment, address: DATA 0000001F, align: 0
  Segment part 4. ROOT 
           ENTRY                   ADDRESS         REF BY
           =====                   =======         ======
           __?EECR                 0000001F        ?eeget16 (?EEPROM_16)
                                                   ?eeput16 (?EEPROM_16)
                                                   ?eewait (?EEPROM_16)
    -------------------------------------------------------------------------
ABSOLUTE
  Relative segment, address: DATA 00000020, align: 0
  Segment part 5. ROOT 
           ENTRY                   ADDRESS         REF BY
           =====                   =======         ======
           __?EEDR                 00000020        __eeget16_16 (?EEPROM_16)
                                                   __eeput16_16 (?EEPROM_16)
    -------------------------------------------------------------------------
ABSOLUTE
  Relative segment, address: DATA 00000021, align: 0
  Segment part 6. ROOT 
           ENTRY                   ADDRESS         REF BY
           =====                   =======         ======
           __?EEARL                00000021        ?eeget16 (?EEPROM_16)
                                                   ?eeput16 (?EEPROM_16)
    -------------------------------------------------------------------------
ABSOLUTE
  Relative segment, address: DATA 00000022, align: 0
  Segment part 7. ROOT 
           ENTRY                   ADDRESS         REF BY
           =====                   =======         ======
           __?EEARH                00000022        ?eeget16 (?EEPROM_16)
                                                   ?eeput16 (?EEPROM_16)
    -------------------------------------------------------------------------
INTVEC
  Common segment, address: CODE 00000000 - 00000057 (0x58 bytes), align: 1
  Segment part 8. ROOT 
           ENTRY                   ADDRESS         REF BY
           =====                   =======         ======
           ADC_CONVERSION_VECT::??INTVEC 84
                                   00000054 
    -------------------------------------------------------------------------
CSTACK
  Segment part 9. NOT NEEDED.
    -------------------------------------------------------------------------
RSTACK
  Segment part 10. NOT NEEDED.
    -------------------------------------------------------------------------
INITTAB
  Relative segment, address: CODE 00001E18 - 00001E1D (0x6 bytes), align: 0
  Segment part 13.            Intra module refs:   ADC_AutoZero_Point
                                                   ADC_Delay_Timer_Cnt
                                                   ADC_Delay_Timer_Reg
                                                   ADC_Motor_Switch_Value
                                                   ADC_Overcurrent_Value
                                                   ADC_Span_Set_1_Point (ps-33d)
                                                   ADC_Standard_Set_Value
                                                   ADC_Zero_Set_1_Point (ps-33d)
                                                   ADC_raw_value
                                                   AD_CompleteFlag
                                                   Cal_Pressure_1_Coef (ps-33d)
                                                   Display_Delay_Cnt (fnd_display)
                                                   Display_Mode (fnd_display)
                                                   Display_Number_Enable (fnd_display)
                                                   FND_value (fnd_display)
                                                   Fnd_Digit_Mode (fnd_display)
                                                   Fnd_Display_Cnt (fnd_display)
                                                   Motor_Close_Stop (motor)
                                                   Motor_Open_Stop (motor)
                                                   Motor_Status (motor)
                                                   Motor_Status_old (motor)
                                                   PWM_Count (motor)
                                                   PWM_Enable (motor)
                                                   Pressure_Old_Status (motor)
                                                   Pressure_PA_Value (ps-33d)
                                                   Pressure_Status (motor)
                                                   Real_Pressure_Value
                                                   Scale_Span_Set_1_Value (ps-33d)
                                                   Scale_Zero_Set_1_Value (ps-33d)
                                                   Stadnard_Pressure_OldValue
                                                   Standard_Pressure_Value
                                                   Start_Port_Value (switch)
                                                   Start_Switch_State (switch)
                                                   Switch_Hold_Timer_Cnt (switch)
                                                   Sys_AZ_1S_Timer_Cnt (system_mode)
                                                   Sys_AZ_Delay_Timer_Cnt (system_mode)
                                                   Sys_AZ_Delay_Timer_Reg (system_mode)
                                                   Sys_AZ_Interval_1S_Timer_Cnt (system_mode)
                                                   Sys_AZ_Interval_Flag (system_mode)
                                                   Sys_AZ_Interval_Timer_Cnt (system_mode)
                                                   Sys_AZ_Interval_Timer_Reg (system_mode)
                                                   Sys_Run_Access_Enable (system_mode)
                                                   System_Initialize_Timer_Cnt (system_mode)
                                                   System_Initialize_Timer_Reg (system_mode)
                                                   System_Mode (system_mode)
                                                   TWI_buf (avr_twi_master_driver)
                                                   TWI_msgSize (avr_twi_master_driver)
                                                   TWI_statusReg (avr_twi_master_driver)
                                                   Temp_PortB (alarm)
                                                   Temp_PortD (alarm)
                                                   Timer2_B_Cnt (module_initialize)
                                                   Timer_Motor_OverCurrent_Cnt (motor)
                                                   Timer_Motor_OverCurrent_Reg (motor)
                                                   Timer_Motor_TimeOver_Cnt (motor)
                                                   Timer_Motor_TimeOver_Reg (motor)
                                                   Twi_Data_Buf (ps-33d)
                                                   Twi_Delay_Timer_Cnt (ps-33d)
                                                   Twi_Delay_Timer_Reg (ps-33d)
                                                   Twi_Raw_Value (ps-33d)
                                                   USART_Mode (usart)
                                                   USART_STRUCT (usart)
                                                   USART_Txc_Complete_Flag (usart)
                                                   Usart_Delay_Timer_Cnt (usart)
                                                   Usart_Delay_Timer_Reg (usart)
                                                   twi_isr::TWI_bufPtr (avr_twi_master_driver)
           ENTRY                   ADDRESS         REF BY
           =====                   =======         ======
           ?<Segment init: NEAR_Z>
                                   00001E18 

    *************************************************************************

  FILE NAME : C:\Users\troub\CloudStation\Github\GitHub_DST\1. Remove Smoke System\4. MIDO\DST-MIDO-ALMDDS-JST_v1.4_3224\Debug\Obj\alarm.r90
  PROGRAM MODULE, NAME : alarm

  SEGMENTS IN THE MODULE
  ======================
ABSOLUTE
  Relative segment, address: DATA 0000002B - 0000002B (0x1 bytes), align: 0
  Segment part 1. ROOT        Intra module refs:   Alarm1_Off
                                                   Alarm1_Out
                                                   Alarm2_Off
                                                   Alarm2_Out
                                                   Fnd_All_Off (fnd_display)
                                                   Fnd_Get_Port_Value (fnd_display)
                                                   Gpio_Initialize (module_initialize)
           ENTRY                   ADDRESS         REF BY
           =====                   =======         ======
           _A_PORTD                0000002B 
           LOCAL                   ADDRESS         
           =====                   =======         
           PORTD                   0000002B 
    -------------------------------------------------------------------------
ABSOLUTE
  Relative segment, address: DATA 00000029 - 00000029 (0x1 bytes), align: 0
  Segment part 2. ROOT        Intra module refs:   Alarm1_Off
                                                   Alarm1_Out
                                                   Alarm2_Off
                                                   Alarm2_Out
                                                   Fnd_Get_Port_Value (fnd_display)
           ENTRY                   ADDRESS         REF BY
           =====                   =======         ======
           _A_PIND                 00000029 
           LOCAL                   ADDRESS         
           =====                   =======         
           PIND                    00000029 
    -------------------------------------------------------------------------
ABSOLUTE
  Relative segment, address: DATA 00000025 - 00000025 (0x1 bytes), align: 0
  Segment part 3. ROOT        Intra module refs:   Alarm1_Off
                                                   Alarm1_Out
                                                   Alarm2_Off
                                                   Alarm2_Out
                                                   Fnd_Get_Port_Value (fnd_display)
                                                   Gpio_Initialize (module_initialize)
           ENTRY                   ADDRESS         REF BY
           =====                   =======         ======
           _A_PORTB                00000025 
           LOCAL                   ADDRESS         
           =====                   =======         
           PORTB                   00000025 
    -------------------------------------------------------------------------
ABSOLUTE
  Relative segment, address: DATA 00000023 - 00000023 (0x1 bytes), align: 0
  Segment part 4. ROOT        Intra module refs:   Alarm1_Off
                                                   Alarm1_Out
                                                   Alarm2_Off
                                                   Alarm2_Out
                                                   Fnd_Get_Port_Value (fnd_display)
                                                   Switch_Start_Check (switch)
           ENTRY                   ADDRESS         REF BY
           =====                   =======         ======
           _A_PINB                 00000023 
           LOCAL                   ADDRESS         
           =====                   =======         
           PINB                    00000023 
    -------------------------------------------------------------------------
NEAR_Z
  Relative segment, address: DATA 00000244 - 00000244 (0x1 bytes), align: 0
  Segment part 11.            Intra module refs:   Alarm1_Off
                                                   Alarm1_Out
                                                   Alarm2_Off
                                                   Alarm2_Out
           ENTRY                   ADDRESS         REF BY
           =====                   =======         ======
           Temp_PortB              00000244 
    -------------------------------------------------------------------------
NEAR_Z
  Relative segment, address: DATA 00000245 - 00000245 (0x1 bytes), align: 0
  Segment part 13.            Intra module refs:   Alarm1_Off
                                                   Alarm1_Out
                                                   Alarm2_Off
                                                   Alarm2_Out
           ENTRY                   ADDRESS         REF BY
           =====                   =======         ======
           Temp_PortD              00000245 
    -------------------------------------------------------------------------
CODE
  Relative segment, address: CODE 0000025E - 000002E7 (0x8a bytes), align: 1
  Segment part 14.            Intra module refs:   Alarm1_Out
           ENTRY                   ADDRESS         REF BY
           =====                   =======         ======
           Alarm1_Off              0000025E        Motor_Control (motor)
                                                   Motor_Timer (motor)
    -------------------------------------------------------------------------
CODE
  Relative segment, address: CODE 000002E8 - 0000037D (0x96 bytes), align: 1
  Segment part 15.            Intra module refs:   Alarm2_Out
           ENTRY                   ADDRESS         REF BY
           =====                   =======         ======
           Alarm2_Off              000002E8        Motor_Control (motor)
                                                   Motor_Timer (motor)
    -------------------------------------------------------------------------
CODE
  Relative segment, address: CODE 0000037E - 000003ED (0x70 bytes), align: 1
  Segment part 16.
           ENTRY                   ADDRESS         REF BY
           =====                   =======         ======
           Alarm1_Out              0000037E        Motor_Control (motor)
                                                   Motor_Timer (motor)
               calls direct
    -------------------------------------------------------------------------
CODE
  Relative segment, address: CODE 000003EE - 00000453 (0x66 bytes), align: 1
  Segment part 17.
           ENTRY                   ADDRESS         REF BY
           =====                   =======         ======
           Alarm2_Out              000003EE        Motor_Control (motor)
                                                   Motor_Timer (motor)
               calls direct
    -------------------------------------------------------------------------
ABSOLUTE
  Segment part 5. TENTATIVE. Used definition from adc
           ENTRY                   ADDRESS         REF BY
           =====                   =======         ======
           __?EECR                 
    -------------------------------------------------------------------------
ABSOLUTE
  Segment part 6. TENTATIVE. Used definition from adc
           ENTRY                   ADDRESS         REF BY
           =====                   =======         ======
           __?EEDR                 
    -------------------------------------------------------------------------
ABSOLUTE
  Segment part 7. TENTATIVE. Used definition from adc
           ENTRY                   ADDRESS         REF BY
           =====                   =======         ======
           __?EEARL                
    -------------------------------------------------------------------------
ABSOLUTE
  Segment part 8. TENTATIVE. Used definition from adc
           ENTRY                   ADDRESS         REF BY
           =====                   =======         ======
           __?EEARH                
    -------------------------------------------------------------------------
CSTACK
  Segment part 9. NOT NEEDED.
    -------------------------------------------------------------------------
RSTACK
  Segment part 10. NOT NEEDED.
    -------------------------------------------------------------------------
INITTAB
  Segment part 12. TENTATIVE. Used definition from adc
           ENTRY                   ADDRESS         REF BY
           =====                   =======         ======
           ?<Segment init: NEAR_Z>
                                   

    *************************************************************************

  FILE NAME : C:\Users\troub\CloudStation\Github\GitHub_DST\1. Remove Smoke System\4. MIDO\DST-MIDO-ALMDDS-JST_v1.4_3224\Debug\Obj\avr_gpio_driver.r90
  PROGRAM MODULE, NAME : avr_gpio_driver

  SEGMENTS IN THE MODULE
  ======================
ABSOLUTE
  Segment part 1. TENTATIVE. Used definition from alarm
           ENTRY                   ADDRESS         REF BY
           =====                   =======         ======
           _A_PORTD                
           LOCAL                   ADDRESS         
           =====                   =======         
           PORTD                   0000002B 
    -------------------------------------------------------------------------
ABSOLUTE
  Relative segment, address: DATA 00000028 - 00000028 (0x1 bytes), align: 0
  Segment part 2. ROOT        Intra module refs:   Gpio_Initialize (module_initialize)
                                                   Motor_Timer (motor)
           ENTRY                   ADDRESS         REF BY
           =====                   =======         ======
           _A_PORTC                00000028 
           LOCAL                   ADDRESS         
           =====                   =======         
           PORTC                   00000028 
    -------------------------------------------------------------------------
ABSOLUTE
  Segment part 3. TENTATIVE. Used definition from alarm
           ENTRY                   ADDRESS         REF BY
           =====                   =======         ======
           _A_PORTB                
           LOCAL                   ADDRESS         
           =====                   =======         
           PORTB                   00000025 
    -------------------------------------------------------------------------
CODE
  Segment part 10. NOT NEEDED.
           ENTRY                   ADDRESS         REF BY
           =====                   =======         ======
           GPIO_PortB_OutHigh      
    -------------------------------------------------------------------------
CODE
  Segment part 11. NOT NEEDED.
           ENTRY                   ADDRESS         REF BY
           =====                   =======         ======
           GPIO_PortB_OutLow       
    -------------------------------------------------------------------------
CODE
  Segment part 12. NOT NEEDED.
           ENTRY                   ADDRESS         REF BY
           =====                   =======         ======
           GPIO_PortC_OutHigh      
    -------------------------------------------------------------------------
CODE
  Segment part 13. NOT NEEDED.
           ENTRY                   ADDRESS         REF BY
           =====                   =======         ======
           GPIO_PortC_OutLow       
    -------------------------------------------------------------------------
CODE
  Segment part 14. NOT NEEDED.
           ENTRY                   ADDRESS         REF BY
           =====                   =======         ======
           GPIO_PortD_OutHigh      
    -------------------------------------------------------------------------
CODE
  Segment part 15. NOT NEEDED.
           ENTRY                   ADDRESS         REF BY
           =====                   =======         ======
           GPIO_PortD_OutLow       
    -------------------------------------------------------------------------
ABSOLUTE
  Segment part 4. TENTATIVE. Used definition from adc
           ENTRY                   ADDRESS         REF BY
           =====                   =======         ======
           __?EECR                 
    -------------------------------------------------------------------------
ABSOLUTE
  Segment part 5. TENTATIVE. Used definition from adc
           ENTRY                   ADDRESS         REF BY
           =====                   =======         ======
           __?EEDR                 
    -------------------------------------------------------------------------
ABSOLUTE
  Segment part 6. TENTATIVE. Used definition from adc
           ENTRY                   ADDRESS         REF BY
           =====                   =======         ======
           __?EEARL                
    -------------------------------------------------------------------------
ABSOLUTE
  Segment part 7. TENTATIVE. Used definition from adc
           ENTRY                   ADDRESS         REF BY
           =====                   =======         ======
           __?EEARH                
    -------------------------------------------------------------------------
CSTACK
  Segment part 8. NOT NEEDED.
    -------------------------------------------------------------------------
RSTACK
  Segment part 9. NOT NEEDED.

    *************************************************************************

  FILE NAME : C:\Users\troub\CloudStation\Github\GitHub_DST\1. Remove Smoke System\4. MIDO\DST-MIDO-ALMDDS-JST_v1.4_3224\Debug\Obj\avr_twi_master_driver.r90
  PROGRAM MODULE, NAME : avr_twi_master_driver

  SEGMENTS IN THE MODULE
  ======================
ABSOLUTE
  Relative segment, address: DATA 000000BC - 000000BC (0x1 bytes), align: 0
  Segment part 1. ROOT        Intra module refs:   TWI_Master_Initialise
                                                   TWI_Start_Transceiver_With_Data
                                                   TWI_Transceiver_Busy
                                                   twi_isr
           ENTRY                   ADDRESS         REF BY
           =====                   =======         ======
           _A_TWCR                 000000BC 
           LOCAL                   ADDRESS         
           =====                   =======         
           TWCR                    000000BC 
    -------------------------------------------------------------------------
ABSOLUTE
  Relative segment, address: DATA 000000BB - 000000BB (0x1 bytes), align: 0
  Segment part 2. ROOT        Intra module refs:   TWI_Master_Initialise
                                                   twi_isr
           ENTRY                   ADDRESS         REF BY
           =====                   =======         ======
           _A_TWDR                 000000BB 
           LOCAL                   ADDRESS         
           =====                   =======         
           TWDR                    000000BB 
    -------------------------------------------------------------------------
ABSOLUTE
  Relative segment, address: DATA 000000B9 - 000000B9 (0x1 bytes), align: 0
  Segment part 3. ROOT        Intra module refs:   TWI_Master_Initialise
                                                   twi_isr
           ENTRY                   ADDRESS         REF BY
           =====                   =======         ======
           _A_TWSR                 000000B9 
           LOCAL                   ADDRESS         
           =====                   =======         
           TWSR                    000000B9 
    -------------------------------------------------------------------------
ABSOLUTE
  Relative segment, address: DATA 000000B8 - 000000B8 (0x1 bytes), align: 0
  Segment part 4. ROOT        Intra module refs:   TWI_Master_Initialise
           ENTRY                   ADDRESS         REF BY
           =====                   =======         ======
           _A_TWBR                 000000B8 
           LOCAL                   ADDRESS         
           =====                   =======         
           TWBR                    000000B8 
    -------------------------------------------------------------------------
NEAR_Z
  Relative segment, address: DATA 00000246 - 00000255 (0x10 bytes), align: 0
  Segment part 12.            Intra module refs:   TWI_Start_Transceiver_With_Data
                                                   twi_isr
           ENTRY                   ADDRESS         REF BY
           =====                   =======         ======
           TWI_buf                 00000246        TWI_Operation (ps-33d)
    -------------------------------------------------------------------------
NEAR_Z
  Relative segment, address: DATA 00000256 - 00000256 (0x1 bytes), align: 0
  Segment part 14.            Intra module refs:   TWI_Start_Transceiver_With_Data
                                                   twi_isr
           LOCAL                   ADDRESS         
           =====                   =======         
           TWI_msgSize             00000256 
    -------------------------------------------------------------------------
NEAR_I
  Relative segment, address: DATA 00000200 - 00000200 (0x1 bytes), align: 0
  Segment part 15.            Intra module refs:   TWI_Start_Transceiver_With_Data
                                                   twi_isr
           LOCAL                   ADDRESS         
           =====                   =======         
           TWI_state               00000200 
    -------------------------------------------------------------------------
NEAR_Z
  Relative segment, address: DATA 00000257 - 00000257 (0x1 bytes), align: 0
  Segment part 18.            Intra module refs:   TWI_Start_Transceiver_With_Data
                                                   twi_isr
           ENTRY                   ADDRESS         REF BY
           =====                   =======         ======
           TWI_statusReg           00000257 
    -------------------------------------------------------------------------
CODE
  Relative segment, address: CODE 00000454 - 0000046D (0x1a bytes), align: 1
  Segment part 20.
           ENTRY                   ADDRESS         REF BY
           =====                   =======         ======
           TWI_Master_Initialise   00000454        main (main)
    -------------------------------------------------------------------------
CODE
  Relative segment, address: CODE 0000046E - 00000477 (0xa bytes), align: 1
  Segment part 21.            Intra module refs:   TWI_Start_Transceiver_With_Data
           ENTRY                   ADDRESS         REF BY
           =====                   =======         ======
           TWI_Transceiver_Busy    0000046E        TWI_Operation (ps-33d)
    -------------------------------------------------------------------------
CODE
  Segment part 22. NOT NEEDED.
           ENTRY                   ADDRESS         REF BY
           =====                   =======         ======
           TWI_Get_State_Info      
               calls direct
    -------------------------------------------------------------------------
CODE
  Relative segment, address: CODE 00000478 - 000004C7 (0x50 bytes), align: 1
  Segment part 23.
           ENTRY                   ADDRESS         REF BY
           =====                   =======         ======
           TWI_Start_Transceiver_With_Data
                                   00000478        TWI_Operation (ps-33d)
               calls direct
    -------------------------------------------------------------------------
CODE
  Segment part 24. NOT NEEDED.
           ENTRY                   ADDRESS         REF BY
           =====                   =======         ======
           TWI_Start_Transceiver   
               calls direct
    -------------------------------------------------------------------------
CODE
  Segment part 25. NOT NEEDED.
           ENTRY                   ADDRESS         REF BY
           =====                   =======         ======
           TWI_Get_Data_From_Transceiver
                                   
               calls direct
    -------------------------------------------------------------------------
CODE
  Relative segment, address: CODE 000004C8 - 000005D1 (0x10a bytes), align: 1
  Segment part 26.            Intra module refs:   twi_isr::??INTVEC 96
           ENTRY                   ADDRESS         REF BY
           =====                   =======         ======
           twi_isr                 000004C8 
               interrupt function
    -------------------------------------------------------------------------
NEAR_Z
  Relative segment, address: DATA 00000258 - 00000258 (0x1 bytes), align: 0
  Segment part 19.            Intra module refs:   twi_isr
           LOCAL                   ADDRESS         
           =====                   =======         
           twi_isr::TWI_bufPtr     00000258 
    -------------------------------------------------------------------------
CODE
  Segment part 27. NOT NEEDED.
           ENTRY                   ADDRESS         REF BY
           =====                   =======         ======
           TWI_Act_On_Failure_In_Last_Transmission
                                   
               calls direct
    -------------------------------------------------------------------------
ABSOLUTE
  Segment part 5. TENTATIVE. Used definition from adc
           ENTRY                   ADDRESS         REF BY
           =====                   =======         ======
           __?EECR                 
    -------------------------------------------------------------------------
ABSOLUTE
  Segment part 6. TENTATIVE. Used definition from adc
           ENTRY                   ADDRESS         REF BY
           =====                   =======         ======
           __?EEDR                 
    -------------------------------------------------------------------------
ABSOLUTE
  Segment part 7. TENTATIVE. Used definition from adc
           ENTRY                   ADDRESS         REF BY
           =====                   =======         ======
           __?EEARL                
    -------------------------------------------------------------------------
ABSOLUTE
  Segment part 8. TENTATIVE. Used definition from adc
           ENTRY                   ADDRESS         REF BY
           =====                   =======         ======
           __?EEARH                
    -------------------------------------------------------------------------
INTVEC
  Common segment, address: CODE 00000000 - 00000063 (0x64 bytes), align: 1
  Segment part 9. ROOT 
           ENTRY                   ADDRESS         REF BY
           =====                   =======         ======
           twi_isr::??INTVEC 96    00000060 
    -------------------------------------------------------------------------
CSTACK
  Segment part 10. NOT NEEDED.
    -------------------------------------------------------------------------
RSTACK
  Segment part 11. NOT NEEDED.
    -------------------------------------------------------------------------
INITTAB
  Segment part 13. TENTATIVE. Used definition from adc
           ENTRY                   ADDRESS         REF BY
           =====                   =======         ======
           ?<Segment init: NEAR_Z>
                                   
    -------------------------------------------------------------------------
NEAR_ID
  Relative segment, address: CODE 00001E24 - 00001E24 (0x1 bytes), align: 0
  Segment part 16.            Intra module refs:   TWI_state
    -------------------------------------------------------------------------
INITTAB
  Relative segment, address: CODE 00001E1E - 00001E23 (0x6 bytes), align: 0
  Segment part 17.            Intra module refs:   FND_char (fnd_display)
                                                   FND_select (fnd_display)
                                                   PWM_Off_Count (motor)
                                                   TWI_state
                                                   Twi_Read_Buf (ps-33d)
                                                   Twi_Write_Buf (ps-33d)
                                                   Usart_Txd_Buf (usart)
           ENTRY                   ADDRESS         REF BY
           =====                   =======         ======
           ?<Segment init: NEAR_I>
                                   00001E1E 

    *************************************************************************

  FILE NAME : C:\Users\troub\CloudStation\Github\GitHub_DST\1. Remove Smoke System\4. MIDO\DST-MIDO-ALMDDS-JST_v1.4_3224\Debug\Obj\fnd_display.r90
  PROGRAM MODULE, NAME : fnd_display

  SEGMENTS IN THE MODULE
  ======================
ABSOLUTE
  Segment part 1. TENTATIVE. Used definition from alarm
           ENTRY                   ADDRESS         REF BY
           =====                   =======         ======
           _A_PORTD                
           LOCAL                   ADDRESS         
           =====                   =======         
           PORTD                   0000002B 
    -------------------------------------------------------------------------
ABSOLUTE
  Segment part 2. TENTATIVE. Used definition from alarm
           ENTRY                   ADDRESS         REF BY
           =====                   =======         ======
           _A_PIND                 
           LOCAL                   ADDRESS         
           =====                   =======         
           PIND                    00000029 
    -------------------------------------------------------------------------
ABSOLUTE
  Segment part 3. TENTATIVE. Used definition from alarm
           ENTRY                   ADDRESS         REF BY
           =====                   =======         ======
           _A_PORTB                
           LOCAL                   ADDRESS         
           =====                   =======         
           PORTB                   00000025 
    -------------------------------------------------------------------------
ABSOLUTE
  Segment part 4. TENTATIVE. Used definition from alarm
           ENTRY                   ADDRESS         REF BY
           =====                   =======         ======
           _A_PINB                 
           LOCAL                   ADDRESS         
           =====                   =======         
           PINB                    00000023 
    -------------------------------------------------------------------------
NEAR_I
  Relative segment, address: DATA 00000201 - 0000020C (0xc bytes), align: 0
  Segment part 11.            Intra module refs:   FND_NUMtoCHAR_Transfer
           ENTRY                   ADDRESS         REF BY
           =====                   =======         ======
           FND_char                00000201 
    -------------------------------------------------------------------------
NEAR_Z
  Relative segment, address: DATA 00000259 - 0000025B (0x3 bytes), align: 0
  Segment part 14.            Intra module refs:   FND_NUMtoCHAR_Transfer
                                                   Fnd_Flicking_Rutine
                                                   Fnd_Put_Data_Timer
           ENTRY                   ADDRESS         REF BY
           =====                   =======         ======
           FND_value               00000259 
    -------------------------------------------------------------------------
NEAR_I
  Relative segment, address: DATA 0000020D - 0000020F (0x3 bytes), align: 0
  Segment part 16.            Intra module refs:   Fnd_Put_Data_Timer
           ENTRY                   ADDRESS         REF BY
           =====                   =======         ======
           FND_select              0000020D 
    -------------------------------------------------------------------------
NEAR_Z
  Relative segment, address: DATA 0000025C - 0000025C (0x1 bytes), align: 0
  Segment part 18.            Intra module refs:   Fnd_Display
                                                   Fnd_Display_Timer
                                                   Fnd_Flicking_Rutine
           ENTRY                   ADDRESS         REF BY
           =====                   =======         ======
           Display_Mode            0000025C        ADC_Auto_Zero_Process (adc)
                                                   ADC_Get_Standard_Pressure_Value (adc)
    -------------------------------------------------------------------------
NEAR_Z
  Relative segment, address: DATA 0000025D - 0000025D (0x1 bytes), align: 0
  Segment part 19.            Intra module refs:   Fnd_Display
                                                   Fnd_Display_Timer
           ENTRY                   ADDRESS         REF BY
           =====                   =======         ======
           Display_Number_Enable   0000025D 
    -------------------------------------------------------------------------
CODE
  Relative segment, address: CODE 000005D2 - 0000069D (0xcc bytes), align: 1
  Segment part 26.            Intra module refs:   Fnd_Display
           ENTRY                   ADDRESS         REF BY
           =====                   =======         ======
           FND_NUMtoCHAR_Transfer
                                   000005D2 
               calls direct
    -------------------------------------------------------------------------
NEAR_Z
  Relative segment, address: DATA 0000025E - 0000025F (0x2 bytes), align: 0
  Segment part 20.            Intra module refs:   Fnd_Put_Data_Timer
           ENTRY                   ADDRESS         REF BY
           =====                   =======         ======
           Fnd_Display_Cnt         0000025E 
    -------------------------------------------------------------------------
NEAR_Z
  Relative segment, address: DATA 00000260 - 00000261 (0x2 bytes), align: 0
  Segment part 21.            Intra module refs:   Fnd_Put_Data_Timer
           ENTRY                   ADDRESS         REF BY
           =====                   =======         ======
           Fnd_Digit_Mode          00000260 
    -------------------------------------------------------------------------
NEAR_Z
  Segment part 22. NOT NEEDED.
           ENTRY                   ADDRESS         REF BY
           =====                   =======         ======
           DISPLAY_MASK            
    -------------------------------------------------------------------------
NEAR_Z
  Segment part 23. NOT NEEDED.
           ENTRY                   ADDRESS         REF BY
           =====                   =======         ======
           SYSTEM_MODE             
    -------------------------------------------------------------------------
CODE
  Relative segment, address: CODE 0000069E - 00000751 (0xb4 bytes), align: 1
  Segment part 27.            Intra module refs:   Fnd_Display_Timer
           ENTRY                   ADDRESS         REF BY
           =====                   =======         ======
           Fnd_Flicking_Rutine     0000069E 
    -------------------------------------------------------------------------
CODE
  Relative segment, address: CODE 00000752 - 00000823 (0xd2 bytes), align: 1
  Segment part 28.
           ENTRY                   ADDRESS         REF BY
           =====                   =======         ======
           Fnd_Display_Timer       00000752        timer2_isr1 (module_initialize)
               calls direct
    -------------------------------------------------------------------------
CODE
  Relative segment, address: CODE 00000824 - 000008CB (0xa8 bytes), align: 1
  Segment part 29.
           ENTRY                   ADDRESS         REF BY
           =====                   =======         ======
           Fnd_Display             00000824        main (main)
               calls direct
    -------------------------------------------------------------------------
NEAR_Z
  Relative segment, address: DATA 00000262 - 00000263 (0x2 bytes), align: 0
  Segment part 24.            Intra module refs:   Fnd_Display_Timer
                                                   Fnd_Flicking_Rutine
           ENTRY                   ADDRESS         REF BY
           =====                   =======         ======
           Display_Delay_Cnt       00000262        ADC_Auto_Zero_Process (adc)
                                                   ADC_Get_Standard_Pressure_Value (adc)
    -------------------------------------------------------------------------
NEAR_Z
  Segment part 25. NOT NEEDED.
           ENTRY                   ADDRESS         REF BY
           =====                   =======         ======
           Display_Delay_Reg       
    -------------------------------------------------------------------------
CODE
  Relative segment, address: CODE 000008CC - 000008D3 (0x8 bytes), align: 1
  Segment part 30.            Intra module refs:   Fnd_Put_Data_Timer
           ENTRY                   ADDRESS         REF BY
           =====                   =======         ======
           Fnd_All_Off             000008CC 
    -------------------------------------------------------------------------
CODE
  Relative segment, address: CODE 000008D4 - 000008F3 (0x20 bytes), align: 1
  Segment part 31.            Intra module refs:   Fnd_Put_Data_Timer
           ENTRY                   ADDRESS         REF BY
           =====                   =======         ======
           Fnd_Get_Port_Value      000008D4 
    -------------------------------------------------------------------------
CODE
  Relative segment, address: CODE 000008F4 - 00000A23 (0x130 bytes), align: 1
  Segment part 32.            Intra module refs:   Segment part 33
           ENTRY                   ADDRESS         REF BY
           =====                   =======         ======
           Fnd_Put_Data_Timer      000008F4        timer2_isr1 (module_initialize)
               calls direct
    -------------------------------------------------------------------------
ABSOLUTE
  Segment part 5. TENTATIVE. Used definition from adc
           ENTRY                   ADDRESS         REF BY
           =====                   =======         ======
           __?EECR                 
    -------------------------------------------------------------------------
ABSOLUTE
  Segment part 6. TENTATIVE. Used definition from adc
           ENTRY                   ADDRESS         REF BY
           =====                   =======         ======
           __?EEDR                 
    -------------------------------------------------------------------------
ABSOLUTE
  Segment part 7. TENTATIVE. Used definition from adc
           ENTRY                   ADDRESS         REF BY
           =====                   =======         ======
           __?EEARL                
    -------------------------------------------------------------------------
ABSOLUTE
  Segment part 8. TENTATIVE. Used definition from adc
           ENTRY                   ADDRESS         REF BY
           =====                   =======         ======
           __?EEARH                
    -------------------------------------------------------------------------
CSTACK
  Segment part 9. NOT NEEDED.
    -------------------------------------------------------------------------
RSTACK
  Segment part 10. NOT NEEDED.
    -------------------------------------------------------------------------
NEAR_ID
  Relative segment, address: CODE 00001E25 - 00001E30 (0xc bytes), align: 0
  Segment part 12.            Intra module refs:   FND_char
    -------------------------------------------------------------------------
INITTAB
  Segment part 13. TENTATIVE. Used definition from avr_twi_master_driver
           ENTRY                   ADDRESS         REF BY
           =====                   =======         ======
           ?<Segment init: NEAR_I>
                                   
    -------------------------------------------------------------------------
INITTAB
  Segment part 15. TENTATIVE. Used definition from adc
           ENTRY                   ADDRESS         REF BY
           =====                   =======         ======
           ?<Segment init: NEAR_Z>
                                   
    -------------------------------------------------------------------------
NEAR_ID
  Relative segment, address: CODE 00001E31 - 00001E33 (0x3 bytes), align: 0
  Segment part 17.            Intra module refs:   FND_select
    -------------------------------------------------------------------------
SWITCH
  Relative segment, address: CODE 00000068 - 0000007B (0x14 bytes), align: 1
  Segment part 33.            Intra module refs:   Fnd_Put_Data_Timer

    *************************************************************************

  FILE NAME : C:\Users\troub\CloudStation\Github\GitHub_DST\1. Remove Smoke System\4. MIDO\DST-MIDO-ALMDDS-JST_v1.4_3224\Debug\Obj\main.r90
  PROGRAM MODULE, NAME : main

  SEGMENTS IN THE MODULE
  ======================
CODE
  Relative segment, address: CODE 00000A24 - 00000A5F (0x3c bytes), align: 1
  Segment part 7.
           ENTRY                   ADDRESS         REF BY
           =====                   =======         ======
           main                    00000A24        ?cstartup_call_main (?C_STARTUP)
               calls direct
    -------------------------------------------------------------------------
ABSOLUTE
  Segment part 1. TENTATIVE. Used definition from adc
           ENTRY                   ADDRESS         REF BY
           =====                   =======         ======
           __?EECR                 
    -------------------------------------------------------------------------
ABSOLUTE
  Segment part 2. TENTATIVE. Used definition from adc
           ENTRY                   ADDRESS         REF BY
           =====                   =======         ======
           __?EEDR                 
    -------------------------------------------------------------------------
ABSOLUTE
  Segment part 3. TENTATIVE. Used definition from adc
           ENTRY                   ADDRESS         REF BY
           =====                   =======         ======
           __?EEARL                
    -------------------------------------------------------------------------
ABSOLUTE
  Segment part 4. TENTATIVE. Used definition from adc
           ENTRY                   ADDRESS         REF BY
           =====                   =======         ======
           __?EEARH                
    -------------------------------------------------------------------------
CSTACK
  Segment part 5. NOT NEEDED.
    -------------------------------------------------------------------------
RSTACK
  Segment part 6. NOT NEEDED.

    *************************************************************************

  FILE NAME : C:\Users\troub\CloudStation\Github\GitHub_DST\1. Remove Smoke System\4. MIDO\DST-MIDO-ALMDDS-JST_v1.4_3224\Debug\Obj\module_initialize.r90
  PROGRAM MODULE, NAME : module_initialize

  SEGMENTS IN THE MODULE
  ======================
ABSOLUTE
  Relative segment, address: DATA 000000B4 - 000000B4 (0x1 bytes), align: 0
  Segment part 1. ROOT        Intra module refs:   Timer2_Initialize
           ENTRY                   ADDRESS         REF BY
           =====                   =======         ======
           _A_OCR2B                000000B4 
           LOCAL                   ADDRESS         
           =====                   =======         
           OCR2B                   000000B4 
    -------------------------------------------------------------------------
ABSOLUTE
  Relative segment, address: DATA 000000B3 - 000000B3 (0x1 bytes), align: 0
  Segment part 2. ROOT        Intra module refs:   Timer2_Initialize
           ENTRY                   ADDRESS         REF BY
           =====                   =======         ======
           _A_OCR2A                000000B3 
           LOCAL                   ADDRESS         
           =====                   =======         
           OCR2A                   000000B3 
    -------------------------------------------------------------------------
ABSOLUTE
  Relative segment, address: DATA 000000B1 - 000000B1 (0x1 bytes), align: 0
  Segment part 3. ROOT        Intra module refs:   Timer2_Initialize
           ENTRY                   ADDRESS         REF BY
           =====                   =======         ======
           _A_TCCR2B               000000B1 
           LOCAL                   ADDRESS         
           =====                   =======         
           TCCR2B                  000000B1 
    -------------------------------------------------------------------------
ABSOLUTE
  Relative segment, address: DATA 000000B0 - 000000B0 (0x1 bytes), align: 0
  Segment part 4. ROOT        Intra module refs:   Timer2_Initialize
           ENTRY                   ADDRESS         REF BY
           =====                   =======         ======
           _A_TCCR2A               000000B0 
           LOCAL                   ADDRESS         
           =====                   =======         
           TCCR2A                  000000B0 
    -------------------------------------------------------------------------
ABSOLUTE
  Relative segment, address: DATA 00000070 - 00000070 (0x1 bytes), align: 0
  Segment part 5. ROOT        Intra module refs:   Timer2_Initialize
           ENTRY                   ADDRESS         REF BY
           =====                   =======         ======
           _A_TIMSK2               00000070 
           LOCAL                   ADDRESS         
           =====                   =======         
           TIMSK2                  00000070 
    -------------------------------------------------------------------------
ABSOLUTE
  Segment part 6. TENTATIVE. Used definition from alarm
           ENTRY                   ADDRESS         REF BY
           =====                   =======         ======
           _A_PORTD                
           LOCAL                   ADDRESS         
           =====                   =======         
           PORTD                   0000002B 
    -------------------------------------------------------------------------
ABSOLUTE
  Relative segment, address: DATA 0000002A - 0000002A (0x1 bytes), align: 0
  Segment part 7. ROOT        Intra module refs:   Gpio_Initialize
           ENTRY                   ADDRESS         REF BY
           =====                   =======         ======
           _A_DDRD                 0000002A 
           LOCAL                   ADDRESS         
           =====                   =======         
           DDRD                    0000002A 
    -------------------------------------------------------------------------
ABSOLUTE
  Segment part 8. TENTATIVE. Used definition from avr_gpio_driver
           ENTRY                   ADDRESS         REF BY
           =====                   =======         ======
           _A_PORTC                
           LOCAL                   ADDRESS         
           =====                   =======         
           PORTC                   00000028 
    -------------------------------------------------------------------------
ABSOLUTE
  Relative segment, address: DATA 00000027 - 00000027 (0x1 bytes), align: 0
  Segment part 9. ROOT        Intra module refs:   Gpio_Initialize
           ENTRY                   ADDRESS         REF BY
           =====                   =======         ======
           _A_DDRC                 00000027 
           LOCAL                   ADDRESS         
           =====                   =======         
           DDRC                    00000027 
    -------------------------------------------------------------------------
ABSOLUTE
  Segment part 10. TENTATIVE. Used definition from alarm
           ENTRY                   ADDRESS         REF BY
           =====                   =======         ======
           _A_PORTB                
           LOCAL                   ADDRESS         
           =====                   =======         
           PORTB                   00000025 
    -------------------------------------------------------------------------
ABSOLUTE
  Relative segment, address: DATA 00000024 - 00000024 (0x1 bytes), align: 0
  Segment part 11. ROOT       Intra module refs:   Gpio_Initialize
           ENTRY                   ADDRESS         REF BY
           =====                   =======         ======
           _A_DDRB                 00000024 
           LOCAL                   ADDRESS         
           =====                   =======         
           DDRB                    00000024 
    -------------------------------------------------------------------------
CODE
  Relative segment, address: CODE 00000A60 - 00000A79 (0x1a bytes), align: 1
  Segment part 23.
           ENTRY                   ADDRESS         REF BY
           =====                   =======         ======
           Gpio_Initialize         00000A60        main (main)
    -------------------------------------------------------------------------
CODE
  Relative segment, address: CODE 00000A7A - 00000A99 (0x20 bytes), align: 1
  Segment part 24.
           ENTRY                   ADDRESS         REF BY
           =====                   =======         ======
           Timer2_Initialize       00000A7A        main (main)
    -------------------------------------------------------------------------
NEAR_Z
  Segment part 20. NOT NEEDED.
           ENTRY                   ADDRESS         REF BY
           =====                   =======         ======
           Timer2_A_Cnt            
    -------------------------------------------------------------------------
NEAR_Z
  Relative segment, address: DATA 00000264 - 00000265 (0x2 bytes), align: 0
  Segment part 22.            Intra module refs:   timer2_isr2
           ENTRY                   ADDRESS         REF BY
           =====                   =======         ======
           Timer2_B_Cnt            00000264 
    -------------------------------------------------------------------------
CODE
  Relative segment, address: CODE 00000A9A - 00000AFF (0x66 bytes), align: 1
  Segment part 25.            Intra module refs:   timer2_isr1::??INTVEC 28
           ENTRY                   ADDRESS         REF BY
           =====                   =======         ======
           timer2_isr1             00000A9A 
               interrupt function
               calls direct
    -------------------------------------------------------------------------
CODE
  Relative segment, address: CODE 00000B00 - 00000B5D (0x5e bytes), align: 1
  Segment part 26.            Intra module refs:   timer2_isr2::??INTVEC 32
           ENTRY                   ADDRESS         REF BY
           =====                   =======         ======
           timer2_isr2             00000B00 
               interrupt function
               calls direct
    -------------------------------------------------------------------------
ABSOLUTE
  Segment part 12. TENTATIVE. Used definition from adc
           ENTRY                   ADDRESS         REF BY
           =====                   =======         ======
           __?EECR                 
    -------------------------------------------------------------------------
ABSOLUTE
  Segment part 13. TENTATIVE. Used definition from adc
           ENTRY                   ADDRESS         REF BY
           =====                   =======         ======
           __?EEDR                 
    -------------------------------------------------------------------------
ABSOLUTE
  Segment part 14. TENTATIVE. Used definition from adc
           ENTRY                   ADDRESS         REF BY
           =====                   =======         ======
           __?EEARL                
[...]
           ?EPILOGUE_B11_L09       
    -------------------------------------------------------------------------
CODE
  Segment part 6. NOT NEEDED.
           ENTRY                   ADDRESS         REF BY
           =====                   =======         ======
           ?EPILOGUE_B10_L09       
    -------------------------------------------------------------------------
CODE
  Segment part 7. NOT NEEDED.
           ENTRY                   ADDRESS         REF BY
           =====                   =======         ======
           ?EPILOGUE_B9_L09        
    -------------------------------------------------------------------------
CODE
  Segment part 8. NOT NEEDED.
           ENTRY                   ADDRESS         REF BY
           =====                   =======         ======
           ?EPILOGUE_B8_L09        
    -------------------------------------------------------------------------
CODE
  Segment part 9. NOT NEEDED.
           ENTRY                   ADDRESS         REF BY
           =====                   =======         ======
           ?EPILOGUE_B7_L09        
    -------------------------------------------------------------------------
CODE
  Segment part 10. NOT NEEDED.
           ENTRY                   ADDRESS         REF BY
           =====                   =======         ======
           ?EPILOGUE_B6_L09        
    -------------------------------------------------------------------------
CODE
  Segment part 11. NOT NEEDED.
           ENTRY                   ADDRESS         REF BY
           =====                   =======         ======
           ?EPILOGUE_B5_L09        
    -------------------------------------------------------------------------
CODE
  Relative segment, address: CODE 00001DB4 - 00001DB5 (0x2 bytes), align: 1
  Segment part 12.
           ENTRY                   ADDRESS         REF BY
           =====                   =======         ======
           ?EPILOGUE_B4_L09        00001DB4        Twi_Adc_Push_Coef (ps-33d)
                                                   Usart_Timer (usart)
    -------------------------------------------------------------------------
CODE
  Relative segment, address: CODE 00001DB6 - 00001DB7 (0x2 bytes), align: 1
  Segment part 13.            Intra module refs:   ?EPILOGUE_B4_L09
           ENTRY                   ADDRESS         REF BY
           =====                   =======         ======
           ?EPILOGUE_B3_L09        00001DB6 
    -------------------------------------------------------------------------
CODE
  Relative segment, address: CODE 00001DB8 - 00001DB9 (0x2 bytes), align: 1
  Segment part 14.            Intra module refs:   ?EPILOGUE_B3_L09
           ENTRY                   ADDRESS         REF BY
           =====                   =======         ======
           ?EPILOGUE_B2_L09        00001DB8 
    -------------------------------------------------------------------------
CODE
  Relative segment, address: CODE 00001DBA - 00001DBB (0x2 bytes), align: 1
  Segment part 15.            Intra module refs:   ?EPILOGUE_B2_L09
           ENTRY                   ADDRESS         REF BY
           =====                   =======         ======
           ?EPILOGUE_B1_L09        00001DBA 
    -------------------------------------------------------------------------
CODE
  Relative segment, address: CODE 00001DBC - 00001DC5 (0xa bytes), align: 1
  Segment part 16.            Intra module refs:   ?EPILOGUE_B1_L09
           ENTRY                   ADDRESS         REF BY
           =====                   =======         ======
           ?EPILOGUE_B0_L09        00001DBC 

    -------------------------------------------------------------------------
  LIBRARY MODULE, NAME : ?REGISTER_CGREGR4_L10

  SEGMENTS IN THE MODULE
  ======================
CODE
  Segment part 0. NOT NEEDED.
           ENTRY                   ADDRESS         REF BY
           =====                   =======         ======
           ?Register_R4_is_cg_reg
                                   

    -------------------------------------------------------------------------
  LIBRARY MODULE, NAME : ?REGISTER_CGREGR5_L10

  SEGMENTS IN THE MODULE
  ======================
CODE
  Segment part 0. NOT NEEDED.
           ENTRY                   ADDRESS         REF BY
           =====                   =======         ======
           ?Register_R5_is_cg_reg
                                   

    -------------------------------------------------------------------------
  LIBRARY MODULE, NAME : ?REGISTER_CGREGR6_L10

  SEGMENTS IN THE MODULE
  ======================
CODE
  Segment part 0. NOT NEEDED.
           ENTRY                   ADDRESS         REF BY
           =====                   =======         ======
           ?Register_R6_is_cg_reg
                                   

    -------------------------------------------------------------------------
  LIBRARY MODULE, NAME : ?REGISTER_CGREGR7_L10

  SEGMENTS IN THE MODULE
  ======================
CODE
  Segment part 0. NOT NEEDED.
           ENTRY                   ADDRESS         REF BY
           =====                   =======         ======
           ?Register_R7_is_cg_reg
                                   

    -------------------------------------------------------------------------
  LIBRARY MODULE, NAME : ?REGISTER_CGREGR8_L10

  SEGMENTS IN THE MODULE
  ======================
CODE
  Segment part 0. NOT NEEDED.
           ENTRY                   ADDRESS         REF BY
           =====                   =======         ======
           ?Register_R8_is_cg_reg
                                   

    -------------------------------------------------------------------------
  LIBRARY MODULE, NAME : ?REGISTER_CGREGR9_L10

  SEGMENTS IN THE MODULE
  ======================
CODE
  Segment part 0. NOT NEEDED.
           ENTRY                   ADDRESS         REF BY
           =====                   =======         ======
           ?Register_R9_is_cg_reg
                                   

    -------------------------------------------------------------------------
  LIBRARY MODULE, NAME : ?REGISTER_CGREGR10_L10

  SEGMENTS IN THE MODULE
  ======================
CODE
  Segment part 0. NOT NEEDED.
           ENTRY                   ADDRESS         REF BY
           =====                   =======         ======
           ?Register_R10_is_cg_reg
                                   

    -------------------------------------------------------------------------
  LIBRARY MODULE, NAME : ?REGISTER_CGREGR11_L10

  SEGMENTS IN THE MODULE
  ======================
CODE
  Segment part 0. NOT NEEDED.
           ENTRY                   ADDRESS         REF BY
           =====                   =======         ======
           ?Register_R11_is_cg_reg
                                   

    -------------------------------------------------------------------------
  LIBRARY MODULE, NAME : ?low_level_init

  SEGMENTS IN THE MODULE
  ======================
CODE
  Relative segment, address: CODE 00001DC6 - 00001DC9 (0x4 bytes), align: 1
  Segment part 3.
           ENTRY                   ADDRESS         REF BY
           =====                   =======         ======
           __low_level_init        00001DC6        ?call_low_level_init (?C_STARTUP)
    -------------------------------------------------------------------------
CSTACK
  Segment part 1. NOT NEEDED.
    -------------------------------------------------------------------------
RSTACK
  Segment part 2. NOT NEEDED.

    -------------------------------------------------------------------------
  LIBRARY MODULE, NAME : ?segment_init

  SEGMENTS IN THE MODULE
  ======================
CODE
  Relative segment, address: CODE 00001DCA - 00001DD5 (0xc bytes), align: 1
  Segment part 3.             Intra module refs:   __segment_init
           LOCAL                   ADDRESS         
           =====                   =======         
           __memclr                00001DCA 
    -------------------------------------------------------------------------
CODE
  Relative segment, address: CODE 00001DD6 - 00001DE1 (0xc bytes), align: 1
  Segment part 4.             Intra module refs:   __segment_init
           LOCAL                   ADDRESS         
           =====                   =======         
           __flashcpy              00001DD6 
    -------------------------------------------------------------------------
CODE
  Relative segment, address: CODE 00001DE2 - 00001E15 (0x34 bytes), align: 1
  Segment part 5.
           ENTRY                   ADDRESS         REF BY
           =====                   =======         ======
           __segment_init          00001DE2        ?need_segment_init (?C_STARTUP)
               calls direct
    -------------------------------------------------------------------------
CSTACK
  Segment part 1. NOT NEEDED.
    -------------------------------------------------------------------------
RSTACK
  Segment part 2. NOT NEEDED.
    -------------------------------------------------------------------------
INITTAB
  Segment part 6. NOT NEEDED.

    -------------------------------------------------------------------------
  LIBRARY MODULE, NAME : ?xcloseall

  SEGMENTS IN THE MODULE
  ======================
CODE
  Segment part 3. NOT NEEDED.
           ENTRY                   ADDRESS         REF BY
           =====                   =======         ======
           _Close_all              
               calls direct
    -------------------------------------------------------------------------
CSTACK
  Segment part 1. NOT NEEDED.
    -------------------------------------------------------------------------
RSTACK
  Segment part 2. NOT NEEDED.

    -------------------------------------------------------------------------
  LIBRARY MODULE, NAME : ?xgetmemchunk

  SEGMENTS IN THE MODULE
  ======================
CODE
  Segment part 5. NOT NEEDED.
           ENTRY                   ADDRESS         REF BY
           =====                   =======         ======
           __near_GetMemChunk      
    -------------------------------------------------------------------------
NEAR_Z
  Segment part 3. NOT NEEDED.
    -------------------------------------------------------------------------
CSTACK
  Segment part 1. NOT NEEDED.
    -------------------------------------------------------------------------
RSTACK
  Segment part 2. NOT NEEDED.
    -------------------------------------------------------------------------
INITTAB
  Segment part 4. TENTATIVE. Used definition from adc
           ENTRY                   ADDRESS         REF BY
           =====                   =======         ======
           ?<Segment init: NEAR_Z>
                                   
    -------------------------------------------------------------------------
NEAR_HEAP
  Segment part 6. NOT NEEDED.

    -------------------------------------------------------------------------
  LIBRARY MODULE, NAME : ?__exit

  SEGMENTS IN THE MODULE
  ======================
CODE
  Relative segment, address: CODE 00001E16 - 00001E17 (0x2 bytes), align: 1
  Segment part 3.
           ENTRY                   ADDRESS         REF BY
           =====                   =======         ======
           __exit                  00001E16        Segment part 5 (?_exit)
    -------------------------------------------------------------------------
CSTACK
  Segment part 1. NOT NEEDED.
    -------------------------------------------------------------------------
RSTACK
  Segment part 2. NOT NEEDED.

    -------------------------------------------------------------------------
  LIBRARY MODULE, NAME : ?xxmemxfree

  SEGMENTS IN THE MODULE
  ======================
CODE
  Segment part 3. NOT NEEDED.
           ENTRY                   ADDRESS         REF BY
           =====                   =======         ======
           free                    
    -------------------------------------------------------------------------
CODE
  Segment part 4. NOT NEEDED.
    -------------------------------------------------------------------------
CODE
  Segment part 5. NOT NEEDED.
           ENTRY                   ADDRESS         REF BY
           =====                   =======         ======
           __near_free             
               calls direct
    -------------------------------------------------------------------------
CSTACK
  Segment part 1. NOT NEEDED.
    -------------------------------------------------------------------------
RSTACK
  Segment part 2. NOT NEEDED.

    -------------------------------------------------------------------------
  LIBRARY MODULE, NAME : ?xxmemxmalloc

  SEGMENTS IN THE MODULE
  ======================
NEAR_Z
  Segment part 3. NOT NEEDED.
           ENTRY                   ADDRESS         REF BY
           =====                   =======         ======
           __near_Aldata           
    -------------------------------------------------------------------------
CODE
  Segment part 5. NOT NEEDED.
           LOCAL                   ADDRESS         
           =====                   =======         
           __near_findmem          
               calls direct
    -------------------------------------------------------------------------
CODE
  Segment part 6. NOT NEEDED.
    -------------------------------------------------------------------------
CODE
  Segment part 7. NOT NEEDED.
    -------------------------------------------------------------------------
CODE
  Segment part 8. NOT NEEDED.
    -------------------------------------------------------------------------
CODE
  Segment part 9. NOT NEEDED.
    -------------------------------------------------------------------------
CODE
  Segment part 10. NOT NEEDED.
           ENTRY                   ADDRESS         REF BY
           =====                   =======         ======
           malloc                  
               calls direct
    -------------------------------------------------------------------------
CODE
  Segment part 11. NOT NEEDED.
           ENTRY                   ADDRESS         REF BY
           =====                   =======         ======
           __near_malloc           
               calls direct
    -------------------------------------------------------------------------
CSTACK
  Segment part 1. NOT NEEDED.
    -------------------------------------------------------------------------
RSTACK
  Segment part 2. NOT NEEDED.
    -------------------------------------------------------------------------
INITTAB
  Segment part 4. TENTATIVE. Used definition from adc
           ENTRY                   ADDRESS         REF BY
           =====                   =======         ======
           ?<Segment init: NEAR_Z>
                                   

    *************************************************************************

  DEFINED ABSOLUTE ENTRIES
  PROGRAM MODULE, NAME : ?FILLER_BYTES

  SEGMENTS IN THE MODULE
  ======================
INTVEC
  Common segment, address: CODE 00000000 - 00000063 (0x64 bytes), align: 0
  Segment part 1.
    -------------------------------------------------------------------------
?FILL1
  Relative segment, address: CODE 00000064 - 00000067 (0x4 bytes), align: 0
  Segment part 0.




                ****************************************
                *                                      *
                *            MODULE SUMMARY            *
                *                                      *
                ****************************************

Module                  CODE      DATA      XDATA
------                  ----      ----      -----
                       (Rel)  (Rel)  (Abs)  (Rel)
?C_STARTUP                36
?EEPROM_16                62
?EPILOGUE_B_L09           18
?FILLER_BYTES              4
  + common               100
?FLOATS_L04              940
?PROLOGUE_L09             10
?RESET
  + common                 4
?SL_DIVMOD_L03            16
?SS_DIVMOD_L02            48
?UL_SHR_L03               14
?US_DIVMOD_L02            38
?__exit                    2
?_exit                     4
?abs                      12
?exit                      4
?low_level_init            4
?segment_init             76
?xV_SWITCH_L06           134
adc                      482     20      4      2
  + shared                 6
  + common                88
alarm                    502      2
  + shared                               4
avr_gpio_driver
  + shared                               1
avr_twi_master_driver    383     20      4
  + shared                 6
  + common               100
fnd_display            1 141     26
main                      60
module_initialize        254      2      8
  + common                36
motor                  1 728     19
ps-33d                   608     55
switch                   154      4
system_mode              540     15
usart                    378     50      6
  + common                84
N/A (command line)              256
N/A (alignment)
----------             -----    ---     --      -
Total:                 7 664    469     27      2
  + common               100


                ****************************************
                *                                      *
                *      SEGMENTS IN ADDRESS ORDER       *
                *                                      *
                ****************************************


SEGMENT              SPACE    START ADDRESS   END ADDRESS     SIZE  TYPE  ALIGN
=======              =====    =============   ===========     ====  ====  =====
INTVEC               CODE          00000000 - 00000063          64   com    1
?FILL1               CODE          00000064 - 00000067           4   rel    0
SWITCH               CODE          00000068 - 0000007B          14   rel    1
CODE                 CODE          0000007C - 00001E17        1D9C   rel    1
INITTAB              CODE          00001E18 - 00001E23           C   rel    0
NEAR_ID              CODE          00001E24 - 00001E53          30   rel    0
ABSOLUTE             DATA               0000001F                     rel    0
                     DATA               00000020                   
                     DATA               00000021                   
                     DATA               00000022                   
                     DATA          00000023 - 00000025           3 
                     DATA          00000027 - 0000002B           5 
                     DATA          00000070 - 00000070           1 
                     DATA          00000078 - 0000007A           3 
                     DATA          0000007C - 0000007C           1 
                     DATA          000000B0 - 000000B1           2 
                     DATA          000000B3 - 000000B4           2 
                     DATA          000000B8 - 000000B9           2 
                     DATA          000000BB - 000000BC           2 
                     DATA          000000C0 - 000000C2           3 
                     DATA          000000C4 - 000000C6           3 
CSTACK               DATA          00000100 - 0000017F          80   dse    0
RSTACK               DATA          00000180 - 000001FF          80   dse    0
NEAR_I               DATA          00000200 - 0000022F          30   rel    0
NEAR_Z               DATA          00000230 - 000002D4          A5   rel    0
EEPROM_I             XDATA              00000000                     dse    0
EEPROM_N             XDATA         00000000 - 00000001           2   rel    0

                ****************************************
                *                                      *
                *        END OF CROSS REFERENCE        *
                *                                      *
                ****************************************

 7 760 bytes of CODE  memory (+             4 range fill )
   469 bytes of DATA  memory (+ 27 absolute )
     2 bytes of XDATA memory

Errors: none
Warnings: none

